Affichage avec les fichiers '.png', '.css', '.js' et '.jpg' exclus pour un horaire compris entre 17h00 et 17h59
Affichage du TOP 10 : 
1. /SiteWebIF/Intranet-etudiant.php (359 hits)
2. /temps/suivant.gif (203 hits)
3. /temps/precedent.gif (203 hits)
4. /temps/choix.gif (202 hits)
5. /temps/3IF1.ics (145 hits)
6. /temps/InsaIF.ico (141 hits)
7. /temps/ (134 hits)
8. /notesif/ (108 hits)
9. /temps/4IF39.html (99 hits)
10. /temps/3IF39.html (94 hits)
fichier test22.dot créé
