extension du fichier n'est pas valide (ce n'est pas un fichier dot)
