erreur dans l'extension du fichier Dot, l'heure choisie ou les options rentrees
