Fichier log pass√© en option n'a pas la bonne extension
