Le fichier indiqu√© ne contient pas la bonne extension (dot)
