Affichage pour un intervalle compris entre 17h00 et 17h59
Affichage du TOP 10 : 
1. /SiteWebIF/Intranet-etudiant.php (359 hits)
2. /temps/FondInsa.jpg (237 hits)
3. /temps/style_emploi_du_temps.css (214 hits)
4. /temps/precedent.gif (203 hits)
5. /temps/suivant.gif (203 hits)
6. /temps/choix.gif (202 hits)
7. /temps/3IF1.ics (145 hits)
8. /temps/InsaIF.ico (141 hits)
9. /temps/ (134 hits)
10. /notesif/ (108 hits)
