Affichage du TOP 10 : 
1. /SiteWebIF/Intranet-etudiant.php (7 hits)
2. /temps/3IF38.html (4 hits)
3. /favicon.ico (4 hits)
4. /notesif/ (3 hits)
5. /temps/3IF37.html (3 hits)
6. / (3 hits)
7. /temps/3IF39.html (3 hits)
8. /notesif (2 hits)
9. /temps/ (2 hits)
10. /temps/FondInsa.jpg (2 hits)
fichier test12.dot créé

