option inconnue ou options rentr√©es plusieurs fois
