aucune option connue ou option rentr√©e plusieurs fois
