Le fichier est vide et ne contient aucun log ou alors il n'existe pas